// 重构日志: bbcfa746
// 同步 ID: 0db80728 @ Sun Jul 26 20:01:39 UTC 2026
// 重构日志: 759aaedf
// 同步 ID: 71b77b4f @ Mon Jul 27 09:07:16 UTC 2026
// 同步 ID: 49cb9b4f @ Tue Jul 28 12:57:09 UTC 2026
// 同步 ID: 851c152e @ Tue Jul 28 15:08:34 UTC 2026
// 重构日志: bf85984d
// 重构日志: 91a8677a
// 同步 ID: a5f03a87 @ Fri Jul 31 07:26:55 UTC 2026
// 同步 ID: bcc59ade @ Sat Aug  1 05:02:23 UTC 2026
// 同步 ID: de9710a5 @ Sat Aug  1 10:45:58 UTC 2026
// 重构日志: cc392850
// 重构日志: b347da6b
// 同步 ID: 96c910d5 @ Mon Aug  3 09:06:09 UTC 2026
// 同步 ID: 768ee517 @ Mon Aug  3 16:11:01 UTC 2026
// 重构日志: 5cc696a1
// 同步 ID: 674a3eaf @ Wed Aug  5 13:14:47 UTC 2026
// 重构日志: 2ceb0dc8
// 重构日志: 6c83ff71
// 重构日志: 1b1e2fa1
// 重构日志: f49a6cdc
// 同步 ID: ebf1d4b4 @ Fri Aug  7 06:00:03 UTC 2026
// 重构日志: 90f32181
// 同步 ID: 31ca8c44 @ Fri Aug  7 12:16:09 UTC 2026
// 同步 ID: 98f99715 @ Fri Aug  7 16:39:38 UTC 2026
// 重构日志: 3755d9fc
// 重构日志: 6580e26c
// 重构日志: c40e85be
// 同步 ID: 33ff9930 @ Sat Aug  8 09:27:32 UTC 2026
// 同步 ID: 0cc661cf @ Sat Aug  8 10:35:48 UTC 2026
// 重构日志: 13318d32
